[preview.themeforest.net/item/workzone-freelance-marketplace-html-template/full_screen_preview/512205087256.html]
[public-assets.envato-static.com/assets/generated_sprites/logos-20f56d7ae7a08da2c6698db678490c591ce302aedb1fcd05d3ad1e1484d3caf9.png]
[public-assets.envato-static.com/assets/generated_sprites/common-5af54247f3a645893af51456ee4c483f6530608e9c15ca4a8ac5a6e994d9a340.png]
[backblue.gif]
[fade.gif]
[index.html]
[codecanyon.net/item/workzone-freelancer-gig-service-order-job-posting-marketpl...3.delayed]
[public-assets.envato-static.com/assets/market/core/index-9d3cee254e09001d21ba5a08ece58263b0d161c2129d7044ef63c22f087a1f3d.css]
[public-assets.envato-static.com/assets/market/pages/preview/index-457550c0311c719db250e79989e7462091be593549fb6bcb3801c9182189d1e5.css]
[public-assets.envato-static.com/assets/icons/favicons/apple-touch-icon-72x72-precomposed-ea6fb08063069270d41814bdcea6a36fee5fffaba8ec1f0be6ccf3ebbb63dddb.png]
[public-assets.envato-static.com/assets/icons/favicons/apple-touch-icon-114x114-precomposed-bab982e452fbea0c6821ffac2547e01e4b78e1df209253520c7c4e293849c4d3.png]
[public-assets.envato-static.com/assets/icons/favicons/apple-touch-icon-120x120-precomposed-8275dc5d1417e913b7bd8ad048dccd1719510f0ca4434f139d675172c1095386.png]
[public-assets.envato-static.com/assets/icons/favicons/apple-touch-icon-144x144-precomposed-c581101b4f39d1ba1c4a5e45edb6b3418847c5c387b376930c6a9922071c8148.png]
[public-assets.envato-static.com/assets/icons/favicons/apple-touch-icon-precomposed-c581101b4f39d1ba1c4a5e45edb6b3418847c5c387b376930c6a9922071c8148.png]
[public-assets.envato-static.com/assets/market/pages/full_screen_preview/index-c19c2bf7dc73db7bd94d08bdc8bfb774ffa88f7554ce9ec96990858d7601446d.js]
[themeforest.net/item/workzone-freelance-marketplace-html-template/51220508.html]
[themeforest.net/checkout/103852315/create_account.html]
[www.googletagmanager.com/nsfe72.html]
[work-zone.vercel.app/index.html]
[consent.cookiebot.com/uc.js]
[public-assets.envato-static.com/assets/market/core/standard_measurements-3bc54d0cbac28acaf9e49915490168f52bb9b8bea5d35f6edabb67a686a83af4.js]
[preview.themeforest.net/item/workzone-freelance-marketplace-html-template/full_screen_preview/512205087256.html]
[s3.envato.com/index.html]
[codecanyon.net/item/workzone-freelancer-gig-service-order-job-posting-marketpl...html]
[www.googletagmanager.com/gtm5445.html]
[public-assets.envato-static.com/assets/market/core/index-9d3cee254e09001d21ba5a08ece58263b0d161c2129d7044ef63c22f087a1f3d.css]
[public-assets.envato-static.com/assets/market/pages/preview/index-457550c0311c719db250e79989e7462091be593549fb6bcb3801c9182189d1e5.css]
[www.google-analytics.com/analytics.js]
[themeforest.net/item/workzone-freelance-marketplace-html-template/reviews/51220508.html]
[themeforest.net/item/workzone-freelance-marketplace-html-template/51220508/comments.html]
[themeforest.net/item/workzone-freelance-marketplace-html-template/51220508/support.html]
[preview.themeforest.net/item/workzone-freelance-marketplace-html-template/full_screen_preview/51220508.html]
[themeforest.net/item/workzone-freelance-marketplace-html-template/screenshots/51220508.html]
[themeforest.net/item/workzone-freelance-marketplace-html-template/linkid.js]
[themeforest.net/item/workzone-freelance-marketplace-html-template/51220508.html]
[themeforest.net/checkout/103852315/create_account.html]
[work-zone.vercel.app/assets/css/glightbox.min.css]
[work-zone.vercel.app/assets/css/aos.css]
[work-zone.vercel.app/assets/css/nice-select.css]
[work-zone.vercel.app/assets/css/quill.core.css]
[work-zone.vercel.app/assets/css/quill.snow.css]
[work-zone.vercel.app/assets/css/bootstrap.min.css]
[work-zone.vercel.app/assets/css/font-awesome-all.min.css]
[work-zone.vercel.app/assets/css/swiper-bundle.min.css]
[work-zone.vercel.app/assets/css/style.css]
[work-zone.vercel.app/assets/css/resposive.css]
[work-zone.vercel.app/index-2.html]
[work-zone.vercel.app/assets/img/logo/logo-light.svg]
[work-zone.vercel.app/index-3.html]
[work-zone.vercel.app/freelancers.html]
[work-zone.vercel.app/freelancer-details.html]
[work-zone.vercel.app/about.html]
[work-zone.vercel.app/services.html]
[work-zone.vercel.app/service-details.html]
[work-zone.vercel.app/job-posts.html]
[work-zone.vercel.app/job-details.html]
[work-zone.vercel.app/seller-dashboard.html]
[work-zone.vercel.app/buyer-dashboard.html]
[work-zone.vercel.app/buyer-details.html]
[work-zone.vercel.app/terms-conditions.html]
[work-zone.vercel.app/faqs.html]
[work-zone.vercel.app/privacy-policy.html]
[work-zone.vercel.app/price.html]
[work-zone.vercel.app/404.html]
[work-zone.vercel.app/signin.html]
[work-zone.vercel.app/signup.html]
[work-zone.vercel.app/blogs.html]
[work-zone.vercel.app/blog-details.html]
[work-zone.vercel.app/contact.html]
[work-zone.vercel.app/assets/img/hero/hero-bg-1.png]
[work-zone.vercel.app/assets/img/hero/gp-1.png]
[work-zone.vercel.app/assets/img/hero/gp-2.png]
[work-zone.vercel.app/assets/img/hero/gp-3.png]
[work-zone.vercel.app/assets/img/hero/big-b.png]
[work-zone.vercel.app/assets/img/categories/2.svg]
[work-zone.vercel.app/assets/img/categories/3.svg]
[work-zone.vercel.app/assets/img/categories/4.svg]
[work-zone.vercel.app/assets/img/categories/1.svg]
[work-zone.vercel.app/assets/img/categories/5.svg]
[work-zone.vercel.app/assets/img/services/1.png]
[work-zone.vercel.app/assets/img/categories/6.svg]
[work-zone.vercel.app/assets/img/avatar/u-sm-1.png]
[work-zone.vercel.app/assets/img/services/2.png]
[work-zone.vercel.app/assets/img/avatar/u-sm-2.png]
[work-zone.vercel.app/assets/img/services/3.png]
[work-zone.vercel.app/assets/img/avatar/u-sm-3.png]
[work-zone.vercel.app/assets/img/services/4.png]
[work-zone.vercel.app/assets/img/avatar/u-sm-4.png]
[work-zone.vercel.app/assets/img/cta/cta-img.png]
[work-zone.vercel.app/assets/img/job/1.svg]
[work-zone.vercel.app/assets/img/job/2.svg]
[work-zone.vercel.app/assets/img/job/3.svg]
[work-zone.vercel.app/assets/img/job/4.svg]
[work-zone.vercel.app/assets/img/top-seller/1.png]
[work-zone.vercel.app/assets/img/top-seller/2.png]
[work-zone.vercel.app/assets/img/top-seller/3.png]
[work-zone.vercel.app/assets/img/top-seller/4.png]
[work-zone.vercel.app/assets/img/top-seller/5.png]
[work-zone.vercel.app/assets/img/cta/cta-bg.png]
[work-zone.vercel.app/assets/img/cta/men-women.png]
[work-zone.vercel.app/assets/img/testimonial/au-1.png]
[work-zone.vercel.app/assets/img/logo/logo-dark.svg]
[work-zone.vercel.app/assets/img/logo/play.svg]
[work-zone.vercel.app/assets/img/logo/appstore.svg]
[work-zone.vercel.app/assets/img/others/category.png]
[work-zone.vercel.app/assets/js/jquery.min.js]
[work-zone.vercel.app/assets/js/jquery-migrate.min.js]
[work-zone.vercel.app/assets/js/jquery.counterup.min.js]
[work-zone.vercel.app/assets/js/waypoints.min.js]
[work-zone.vercel.app/assets/js/jquery.nice-select.min.js]
[work-zone.vercel.app/assets/js/isotope.pkgd.min.js]
[work-zone.vercel.app/assets/js/imagesloaded.pkgd.min.js]
[work-zone.vercel.app/assets/js/aos.js]
[work-zone.vercel.app/assets/js/quill.js]
[work-zone.vercel.app/assets/js/glightbox.min.js]
[work-zone.vercel.app/assets/js/popper.min.js]
[work-zone.vercel.app/assets/js/bootstrap.bundle.min.js]
[work-zone.vercel.app/assets/js/swiper-bundle.min.js]
[work-zone.vercel.app/index.html]
[www.googletagmanager.com/nsfe72.html]
[preview.themeforest.net/item/workzone-freelance-marketplace-html-template/full_screen_preview/linkid.html]
[preview.themeforest.net/index.html]
[work-zone.vercel.app/assets/js/main.js]
[themeforest.net/item/workzone-freelance-marketplace-html-template/reviews/linkid.70.delayed]
[themeforest.net/item/workzone-freelance-marketplace-html-template/reviews/51220508.html]
[themeforest.net/item/workzone-freelance-marketplace-html-template/51220508/linkid.71.delayed]
[themeforest.net/item/workzone-freelance-marketplace-html-template/51220508/comments.html]
[themeforest.net/item/workzone-freelance-marketplace-html-template/51220508/support.html]
[preview.themeforest.net/item/workzone-freelance-marketplace-html-template/full_screen_preview/51220508.html]
[themeforest.net/item/workzone-freelance-marketplace-html-template/screenshots/51220508cb24.html]
[themeforest.net/item/workzone-freelance-marketplace-html-template/screenshots/512205082ab3.html]
[themeforest.net/item/workzone-freelance-marketplace-html-template/screenshots/51220508006d.html]
[themeforest.net/item/workzone-freelance-marketplace-html-template/screenshots/512205082075.html]
[themeforest.net/item/workzone-freelance-marketplace-html-template/screenshots/5122050895be.html]
[themeforest.net/item/workzone-freelance-marketplace-html-template/screenshots/51220508e819.html]
[themeforest.net/item/workzone-freelance-marketplace-html-template/screenshots/51220508793c.html]
[themeforest.net/item/workzone-freelance-marketplace-html-template/screenshots/51220508da5c.html]
[themeforest.net/item/workzone-freelance-marketplace-html-template/screenshots/51220508c748.html]
[themeforest.net/item/workzone-freelance-marketplace-html-template/screenshots/5122050811f8.html]
[themeforest.net/item/workzone-freelance-marketplace-html-template/screenshots/5122050848d8.html]
[themeforest.net/item/workzone-freelance-marketplace-html-template/screenshots/512205088c5f.html]
[themeforest.net/item/workzone-freelance-marketplace-html-template/screenshots/51220508f73d.html]
[themeforest.net/item/workzone-freelance-marketplace-html-template/screenshots/512205081199.html]
[themeforest.net/item/workzone-freelance-marketplace-html-template/screenshots/51220508a2c3.html]
[themeforest.net/item/workzone-freelance-marketplace-html-template/screenshots/51220508301d.html]
[themeforest.net/item/workzone-freelance-marketplace-html-template/screenshots/512205081eac.html]
[themeforest.net/item/workzone-freelance-marketplace-html-template/screenshots/512205083901.html]
[themeforest.net/item/workzone-freelance-marketplace-html-template/screenshots/51220508bcc8.html]
[themeforest.net/item/workzone-freelance-marketplace-html-template/screenshots/51220508649d.html]
[themeforest.net/item/workzone-freelance-marketplace-html-template/screenshots/512205089c81.html]
[themeforest.net/item/workzone-freelance-marketplace-html-template/screenshots/512205087563.html]
[themeforest.net/item/workzone-freelance-marketplace-html-template/screenshots/5122050881f5.html]
[themeforest.net/item/workzone-freelance-marketplace-html-template/screenshots/5122050841a5.html]
[themeforest.net/item/workzone-freelance-marketplace-html-template/screenshots/512205082286.html]
[themeforest.net/item/workzone-freelance-marketplace-html-template/screenshots/51220508e125.html]
[themeforest.net/item/workzone-freelance-marketplace-html-template/screenshots/5122050854db.html]
[themeforest.net/item/workzone-freelance-marketplace-html-template/screenshots/51220508ae99.html]
[themeforest.net/item/workzone-freelance-marketplace-html-template/screenshots/5122050871df.html]
[themeforest.net/item/workzone-freelance-marketplace-html-template/screenshots/51220508443e.html]
[themeforest.net/item/workzone-freelance-marketplace-html-template/screenshots/512205081270.html]
[themeforest.net/item/workzone-freelance-marketplace-html-template/screenshots/51220508b266.html]
[themeforest.net/item/workzone-freelance-marketplace-html-template/screenshots/51220508d092.html]
[themeforest.net/item/workzone-freelance-marketplace-html-template/screenshots/51220508cdc0.html]
[themeforest.net/item/workzone-freelance-marketplace-html-template/screenshots/512205085841.html]
[themeforest.net/item/workzone-freelance-marketplace-html-template/screenshots/5122050877c4.html]
[themeforest.net/item/workzone-freelance-marketplace-html-template/screenshots/51220508f5d7.html]
[themeforest.net/item/workzone-freelance-marketplace-html-template/screenshots/51220508df09.html]
[themeforest.net/item/workzone-freelance-marketplace-html-template/screenshots/51220508c095.html]
[themeforest.net/item/workzone-freelance-marketplace-html-template/screenshots/512205085b4a.html]
[themeforest.net/item/workzone-freelance-marketplace-html-template/screenshots/51220508e886.html]
[themeforest.net/item/workzone-freelance-marketplace-html-template/screenshots/512205083fdb.html]
[themeforest.net/item/workzone-freelance-marketplace-html-template/screenshots/512205080d9c.html]
[themeforest.net/item/workzone-freelance-marketplace-html-template/screenshots/51220508ad2c.html]
[themeforest.net/item/workzone-freelance-marketplace-html-template/screenshots/51220508d920.html]
[themeforest.net/item/workzone-freelance-marketplace-html-template/screenshots/512205088196.html]
[themeforest.net/item/workzone-freelance-marketplace-html-template/screenshots/51220508fc29.html]
[themeforest.net/item/workzone-freelance-marketplace-html-template/screenshots/51220508a499.html]
[themeforest.net/item/workzone-freelance-marketplace-html-template/screenshots/512205080668.html]
[themeforest.net/item/workzone-freelance-marketplace-html-template/screenshots/512205082501.html]
[themeforest.net/item/workzone-freelance-marketplace-html-template/screenshots/512205083433.html]
[themeforest.net/item/workzone-freelance-marketplace-html-template/screenshots/5122050802a3.html]
[themeforest.net/item/workzone-freelance-marketplace-html-template/screenshots/51220508c584.html]
[themeforest.net/item/workzone-freelance-marketplace-html-template/screenshots/512205080b3b.html]
[themeforest.net/item/workzone-freelance-marketplace-html-template/screenshots/5122050875c2.html]
[themeforest.net/item/workzone-freelance-marketplace-html-template/screenshots/512205088b19.html]
[themeforest.net/item/workzone-freelance-marketplace-html-template/screenshots/51220508fde8.html]
[themeforest.net/item/workzone-freelance-marketplace-html-template/screenshots/linkid.js]
[themeforest.net/item/workzone-freelance-marketplace-html-template/screenshots/51220508.html]
[themeforest.net/item/workzone-freelance-marketplace-html-template/linkid.js]
[work-zone.vercel.app/assets/css/glightbox.min.css]
[work-zone.vercel.app/assets/css/aos.css]
[work-zone.vercel.app/assets/css/nice-select.css]
[work-zone.vercel.app/assets/css/quill.core.css]
[work-zone.vercel.app/assets/css/quill.snow.css]
[work-zone.vercel.app/assets/css/bootstrap.min.css]
[work-zone.vercel.app/assets/fonts/fa-brands-400.woff2]
[work-zone.vercel.app/assets/fonts/fa-brands-400.ttf]
[work-zone.vercel.app/assets/fonts/fa-regular-400.woff2]
[work-zone.vercel.app/assets/fonts/fa-regular-400.ttf]
[work-zone.vercel.app/assets/fonts/fa-solid-900.woff2]
[work-zone.vercel.app/assets/fonts/fa-v4compatibility.woff2]
[work-zone.vercel.app/assets/fonts/fa-solid-900.ttf]
[work-zone.vercel.app/assets/css/font-awesome-all.min.css]
[work-zone.vercel.app/assets/css/swiper-bundle.min.css]
[work-zone.vercel.app/assets/css/style.css]
[work-zone.vercel.app/assets/css/resposive.css]
[work-zone.vercel.app/index-2.html]
[work-zone.vercel.app/assets/img/logo/logo-light.svg]
[work-zone.vercel.app/assets/fonts/fa-v4compatibility.ttf]
[work-zone.vercel.app/assets/img/hero/hero-bg-2.jpeg]
[work-zone.vercel.app/assets/img/hero/hero-2-girl.png]
[work-zone.vercel.app/assets/img/categories/7.svg]
[work-zone.vercel.app/assets/img/categories/8.svg]
[work-zone.vercel.app/assets/img/categories/9.svg]
[work-zone.vercel.app/assets/img/categories/10.svg]
[work-zone.vercel.app/assets/img/services/sc-2-1.png]
[work-zone.vercel.app/assets/img/categories/11.svg]
[work-zone.vercel.app/assets/img/services/sc-2-2.png]
[work-zone.vercel.app/assets/img/services/sc-2-3.png]
[work-zone.vercel.app/assets/img/services/sc-2-4.png]
[work-zone.vercel.app/assets/img/services/sc-2-5.png]
[work-zone.vercel.app/assets/img/services/sc-2-6.png]
[work-zone.vercel.app/assets/img/job/jp-1.png]
[work-zone.vercel.app/assets/img/job/jp-2.png]
[work-zone.vercel.app/assets/img/job/jp-3.png]
[work-zone.vercel.app/assets/img/job/jp-4.png]
[work-zone.vercel.app/assets/img/job/jp-5.png]
[work-zone.vercel.app/assets/img/job/jp-6.png]
[work-zone.vercel.app/assets/img/job/jp-7.png]
[work-zone.vercel.app/assets/img/job/jp-8.png]
[work-zone.vercel.app/assets/img/job/jp-9.png]
[work-zone.vercel.app/assets/img/about/tab-icon-1.png]
[work-zone.vercel.app/assets/img/about/tab-icon-2.png]
[work-zone.vercel.app/assets/img/about/tab-icon-3.png]
[work-zone.vercel.app/assets/img/about/f-girl.png]
[work-zone.vercel.app/assets/img/about/v-card-1.png]
[work-zone.vercel.app/assets/img/about/v-card-2.png]
[work-zone.vercel.app/index-3.html]
[work-zone.vercel.app/assets/img/common/breadcrumb-bg.png]
[work-zone.vercel.app/freelancers.html]
[work-zone.vercel.app/assets/img/freelancer/avatar-1.png]
[work-zone.vercel.app/assets/img/services/5.png]
[work-zone.vercel.app/assets/img/freelancer/p-1.png]
[work-zone.vercel.app/assets/img/freelancer/p-xl.jpeg]
[work-zone.vercel.app/assets/img/freelancer/p-2.png]
[work-zone.vercel.app/assets/img/freelancer/p-3.png]
[work-zone.vercel.app/assets/img/freelancer/p-4.png]
[work-zone.vercel.app/assets/img/freelancer/p-5.png]
[work-zone.vercel.app/assets/img/freelancer/p-6.png]
[work-zone.vercel.app/assets/img/freelancer/p-7.png]
[work-zone.vercel.app/assets/img/freelancer/p-8.png]
[work-zone.vercel.app/assets/img/freelancer/p-9.png]
[work-zone.vercel.app/assets/img/freelancer/p-10.png]
[work-zone.vercel.app/assets/img/freelancer/p-11.png]
[work-zone.vercel.app/assets/img/freelancer/p-12.png]
[work-zone.vercel.app/freelancer-details.html]
[work-zone.vercel.app/assets/img/features/1.svg]
[work-zone.vercel.app/assets/img/features/2.svg]
[work-zone.vercel.app/assets/img/features/3.svg]
[work-zone.vercel.app/assets/img/features/4.svg]
[work-zone.vercel.app/assets/img/about/sign.png]
[work-zone.vercel.app/assets/img/features/5.svg]
[work-zone.vercel.app/assets/img/about/img-1.png]
[work-zone.vercel.app/assets/img/about/img-2.png]
[work-zone.vercel.app/assets/img/about/img-3.png]
[work-zone.vercel.app/about.html]
[work-zone.vercel.app/assets/img/services/sch-1.png]
[work-zone.vercel.app/assets/img/services/sch-2.png]
[work-zone.vercel.app/assets/img/services/sch-4.png]
[work-zone.vercel.app/assets/img/services/sch-5.png]
[work-zone.vercel.app/assets/img/services/sch-7.png]
[work-zone.vercel.app/assets/img/services/sch-8.png]
[work-zone.vercel.app/services.html]
[work-zone.vercel.app/assets/img/services/sch-9.png]
[work-zone.vercel.app/assets/img/services/sl-xl-1.png]
[work-zone.vercel.app/assets/img/services/sl-th-1.png]
[work-zone.vercel.app/assets/img/services/sl-th-2.png]
[work-zone.vercel.app/assets/img/services/sl-th-3.png]
[work-zone.vercel.app/assets/img/services/sl-th-4.png]
[work-zone.vercel.app/assets/img/services/service-ex-1.png]
[work-zone.vercel.app/assets/img/services/service-ex-2.png]
[work-zone.vercel.app/assets/img/services/service-ex-3.png]
[work-zone.vercel.app/assets/img/services/av-1.png]
[work-zone.vercel.app/assets/img/services/s-av-1.png]
[work-zone.vercel.app/assets/img/services/av-2.png]
[work-zone.vercel.app/assets/img/services/av-3.png]
[work-zone.vercel.app/assets/img/services/service-sm.png]
[work-zone.vercel.app/assets/img/services/extra.png]
[work-zone.vercel.app/assets/img/services/payement/pl-1.svg]
[work-zone.vercel.app/assets/img/services/payement/pl-2.svg]
[work-zone.vercel.app/assets/img/services/payement/pl-3.svg]
[work-zone.vercel.app/assets/img/services/payement/pl-4.svg]
[work-zone.vercel.app/assets/img/services/payement/pl-5.svg]
[work-zone.vercel.app/assets/img/services/payement/pl-6.svg]
[work-zone.vercel.app/assets/img/services/payement/pl-7.svg]
[work-zone.vercel.app/service-details.html]
[work-zone.vercel.app/assets/img/services/payement/pl-8.svg]
[work-zone.vercel.app/assets/img/job/jp-1-1.png]
[work-zone.vercel.app/assets/img/job/jp-2-2.png]
[work-zone.vercel.app/assets/img/job/jp-3-3.png]
[work-zone.vercel.app/job-posts.html]
[work-zone.vercel.app/assets/img/job/1-sm.png]
[work-zone.vercel.app/job-details.html]
[work-zone.vercel.app/assets/img/dashboard/logo/logo-main.svg]
[work-zone.vercel.app/seller-create-gig.html]
[work-zone.vercel.app/seller-my-orders.html]
[work-zone.vercel.app/seller-projects.html]
[work-zone.vercel.app/seller-withdraw.html]
[work-zone.vercel.app/seller-subscriptions.html]
[work-zone.vercel.app/seller-message.html]
[work-zone.vercel.app/seller-profile-settings.html]
[work-zone.vercel.app/seller-manage-gigs.html]
[work-zone.vercel.app/seller-change-password.html]
[work-zone.vercel.app/seller-account-delete.html]
[work-zone.vercel.app/assets/img/dashboard/heade-av.png]
[work-zone.vercel.app/assets/img/dashboard/icon/icon-1.png]
[work-zone.vercel.app/assets/img/dashboard/icon/icon-2.png]
[work-zone.vercel.app/assets/img/dashboard/icon/icon-3.png]
[work-zone.vercel.app/assets/img/dashboard/icon/icon-4.png]
[work-zone.vercel.app/assets/img/dashboard/orders/o-1.png]
[work-zone.vercel.app/assets/img/dashboard/orders/o-2.png]
[work-zone.vercel.app/assets/img/dashboard/orders/o-3.png]
[work-zone.vercel.app/assets/img/dashboard/orders/o-4.png]
[work-zone.vercel.app/assets/img/dashboard/orders/o-5.png]
[work-zone.vercel.app/assets/img/dashboard/orders/o-6.png]
[work-zone.vercel.app/seller-dashboard.html]
[work-zone.vercel.app/buyer-create-job-post.html]
[work-zone.vercel.app/buyer-job-list.html]
[work-zone.vercel.app/buyer-my-orders.html]
[work-zone.vercel.app/buyer-message.html]
[work-zone.vercel.app/buyer-profile-settings.html]
[work-zone.vercel.app/buyer-change-password.html]
[work-zone.vercel.app/buyer-delete-account.html]
[work-zone.vercel.app/assets/img/dashboard/projects/1.png]
[work-zone.vercel.app/assets/img/dashboard/projects/2.png]
[work-zone.vercel.app/assets/img/dashboard/projects/3.png]
[work-zone.vercel.app/assets/img/dashboard/projects/4.png]
[work-zone.vercel.app/assets/img/dashboard/projects/5.png]
[work-zone.vercel.app/assets/img/dashboard/projects/6.png]
[work-zone.vercel.app/assets/img/dashboard/projects/7.png]
[work-zone.vercel.app/buyer-dashboard.html]
[work-zone.vercel.app/buyer-details.html]
[work-zone.vercel.app/terms-conditions.html]
[work-zone.vercel.app/faqs.html]
[work-zone.vercel.app/privacy-policy.html]
[work-zone.vercel.app/assets/img/price/icon-1.png]
[work-zone.vercel.app/price.html]
[work-zone.vercel.app/404.html]
[work-zone.vercel.app/assets/img/others/1.png]
[work-zone.vercel.app/signin.html]
[work-zone.vercel.app/signup.html]
[work-zone.vercel.app/assets/img/others/404.svg]
[work-zone.vercel.app/assets/img/blog/bl-th-1.png]
[work-zone.vercel.app/assets/img/blog/bl-th-2.png]
[work-zone.vercel.app/assets/img/blog/bl-th-4.png]
[work-zone.vercel.app/assets/img/blog/bl-th-5.png]
[work-zone.vercel.app/assets/img/blog/bl-th-6.png]
[work-zone.vercel.app/assets/img/blog/bl-th-7.png]
[work-zone.vercel.app/assets/img/blog/bl-th-8.png]
[work-zone.vercel.app/assets/img/blog/bl-th-9.png]
[work-zone.vercel.app/assets/img/blog/bl-th-10.png]
[work-zone.vercel.app/assets/img/blog/bl-th-12.png]
[work-zone.vercel.app/blogs.html]
[work-zone.vercel.app/assets/img/blog/blog-thumb-xl.png]
[work-zone.vercel.app/assets/img/blog/bg-1.png]
[work-zone.vercel.app/assets/img/blog/bg-2.png]
[work-zone.vercel.app/assets/img/blog/bg-3.png]
[work-zone.vercel.app/assets/img/blog/c-av-1.png]
[work-zone.vercel.app/assets/img/blog/cr-av-1.png]
[work-zone.vercel.app/assets/img/blog/c-av-2.png]
[work-zone.vercel.app/assets/img/blog/c-av-3.png]
[work-zone.vercel.app/blog-details.html]
[work-zone.vercel.app/assets/img/contact/ic-1.svg]
[work-zone.vercel.app/assets/img/contact/ic-2.svg]
[work-zone.vercel.app/contact.html]
[work-zone.vercel.app/assets/img/categories/1.svg]
[work-zone.vercel.app/assets/img/categories/2.svg]
[work-zone.vercel.app/assets/img/categories/3.svg]
[work-zone.vercel.app/assets/img/categories/4.svg]
[work-zone.vercel.app/assets/img/categories/5.svg]
[work-zone.vercel.app/assets/img/categories/6.svg]
[work-zone.vercel.app/assets/img/job/1.svg]
[work-zone.vercel.app/assets/img/job/2.svg]
[work-zone.vercel.app/assets/img/job/3.svg]
[work-zone.vercel.app/assets/img/job/4.svg]
[work-zone.vercel.app/assets/img/logo/logo-dark.svg]
[work-zone.vercel.app/assets/img/logo/play.svg]
[work-zone.vercel.app/assets/img/logo/appstore.svg]
[themeforest.net/item/workzone-freelance-marketplace-html-template/reviews/linkid.js]
[themeforest.net/item/workzone-freelance-marketplace-html-template/51220508/linkid.js]
[themeforest.net/item/workzone-freelance-marketplace-html-template/screenshots/51220508cb24.html]
[themeforest.net/item/workzone-freelance-marketplace-html-template/screenshots/512205082ab3.html]
[themeforest.net/item/workzone-freelance-marketplace-html-template/screenshots/51220508006d.html]
[themeforest.net/item/workzone-freelance-marketplace-html-template/screenshots/512205082075.html]
[themeforest.net/item/workzone-freelance-marketplace-html-template/screenshots/5122050895be.html]
[themeforest.net/item/workzone-freelance-marketplace-html-template/screenshots/51220508e819.html]
[themeforest.net/item/workzone-freelance-marketplace-html-template/screenshots/51220508793c.html]
[themeforest.net/item/workzone-freelance-marketplace-html-template/screenshots/51220508da5c.html]
[themeforest.net/item/workzone-freelance-marketplace-html-template/screenshots/51220508c748.html]
[themeforest.net/item/workzone-freelance-marketplace-html-template/screenshots/5122050811f8.html]
[themeforest.net/item/workzone-freelance-marketplace-html-template/screenshots/5122050848d8.html]
[themeforest.net/item/workzone-freelance-marketplace-html-template/screenshots/512205088c5f.html]
[themeforest.net/item/workzone-freelance-marketplace-html-template/screenshots/51220508f73d.html]
[themeforest.net/item/workzone-freelance-marketplace-html-template/screenshots/512205081199.html]
[themeforest.net/item/workzone-freelance-marketplace-html-template/screenshots/51220508a2c3.html]
[themeforest.net/item/workzone-freelance-marketplace-html-template/screenshots/51220508301d.html]
[themeforest.net/item/workzone-freelance-marketplace-html-template/screenshots/512205081eac.html]
[themeforest.net/item/workzone-freelance-marketplace-html-template/screenshots/512205083901.html]
[themeforest.net/item/workzone-freelance-marketplace-html-template/screenshots/51220508bcc8.html]
[themeforest.net/item/workzone-freelance-marketplace-html-template/screenshots/51220508649d.html]
[themeforest.net/item/workzone-freelance-marketplace-html-template/screenshots/512205089c81.html]
[themeforest.net/item/workzone-freelance-marketplace-html-template/screenshots/512205087563.html]
[themeforest.net/item/workzone-freelance-marketplace-html-template/screenshots/5122050881f5.html]
[themeforest.net/item/workzone-freelance-marketplace-html-template/screenshots/5122050841a5.html]
[themeforest.net/item/workzone-freelance-marketplace-html-template/screenshots/512205082286.html]
[themeforest.net/item/workzone-freelance-marketplace-html-template/screenshots/51220508e125.html]
[themeforest.net/item/workzone-freelance-marketplace-html-template/screenshots/5122050854db.html]
[themeforest.net/item/workzone-freelance-marketplace-html-template/screenshots/51220508ae99.html]
[themeforest.net/item/workzone-freelance-marketplace-html-template/screenshots/5122050871df.html]
[themeforest.net/item/workzone-freelance-marketplace-html-template/screenshots/51220508443e.html]
[themeforest.net/item/workzone-freelance-marketplace-html-template/screenshots/512205081270.html]
[themeforest.net/item/workzone-freelance-marketplace-html-template/screenshots/51220508b266.html]
[themeforest.net/item/workzone-freelance-marketplace-html-template/screenshots/51220508d092.html]
[themeforest.net/item/workzone-freelance-marketplace-html-template/screenshots/51220508cdc0.html]
[themeforest.net/item/workzone-freelance-marketplace-html-template/screenshots/512205085841.html]
[themeforest.net/item/workzone-freelance-marketplace-html-template/screenshots/5122050877c4.html]
[themeforest.net/item/workzone-freelance-marketplace-html-template/screenshots/51220508f5d7.html]
[themeforest.net/item/workzone-freelance-marketplace-html-template/screenshots/51220508df09.html]
[themeforest.net/item/workzone-freelance-marketplace-html-template/screenshots/51220508c095.html]
[themeforest.net/item/workzone-freelance-marketplace-html-template/screenshots/512205085b4a.html]
[themeforest.net/item/workzone-freelance-marketplace-html-template/screenshots/51220508e886.html]
[themeforest.net/item/workzone-freelance-marketplace-html-template/screenshots/512205083fdb.html]
[themeforest.net/item/workzone-freelance-marketplace-html-template/screenshots/512205080d9c.html]
[themeforest.net/item/workzone-freelance-marketplace-html-template/screenshots/51220508ad2c.html]
[themeforest.net/item/workzone-freelance-marketplace-html-template/screenshots/51220508d920.html]
[themeforest.net/item/workzone-freelance-marketplace-html-template/screenshots/512205088196.html]
[themeforest.net/item/workzone-freelance-marketplace-html-template/screenshots/51220508fc29.html]
[themeforest.net/item/workzone-freelance-marketplace-html-template/screenshots/51220508a499.html]
[themeforest.net/item/workzone-freelance-marketplace-html-template/screenshots/512205080668.html]
[themeforest.net/item/workzone-freelance-marketplace-html-template/screenshots/512205082501.html]
[themeforest.net/item/workzone-freelance-marketplace-html-template/screenshots/512205083433.html]
[themeforest.net/item/workzone-freelance-marketplace-html-template/screenshots/5122050802a3.html]
[themeforest.net/item/workzone-freelance-marketplace-html-template/screenshots/51220508c584.html]
[themeforest.net/item/workzone-freelance-marketplace-html-template/screenshots/512205080b3b.html]
[themeforest.net/item/workzone-freelance-marketplace-html-template/screenshots/5122050875c2.html]
[themeforest.net/item/workzone-freelance-marketplace-html-template/screenshots/512205088b19.html]
[themeforest.net/item/workzone-freelance-marketplace-html-template/screenshots/51220508fde8.html]
[themeforest.net/item/workzone-freelance-marketplace-html-template/screenshots/linkid.js]
[work-zone.vercel.app/assets/img/categories/7.svg]
[work-zone.vercel.app/assets/img/categories/8.svg]
[work-zone.vercel.app/assets/img/categories/9.svg]
[work-zone.vercel.app/assets/img/categories/10.svg]
[work-zone.vercel.app/assets/img/categories/11.svg]
[work-zone.vercel.app/assets/img/features/1.svg]
[work-zone.vercel.app/assets/img/features/2.svg]
[work-zone.vercel.app/assets/img/features/3.svg]
[work-zone.vercel.app/assets/img/features/4.svg]
[work-zone.vercel.app/assets/img/features/5.svg]
[work-zone.vercel.app/assets/img/services/payement/pl-1.svg]
[work-zone.vercel.app/assets/img/services/payement/pl-2.svg]
[work-zone.vercel.app/assets/img/services/payement/pl-3.svg]
[work-zone.vercel.app/assets/img/services/payement/pl-4.svg]
[work-zone.vercel.app/assets/img/services/payement/pl-5.svg]
[work-zone.vercel.app/assets/img/services/payement/pl-6.svg]
[work-zone.vercel.app/assets/img/services/payement/pl-7.svg]
[work-zone.vercel.app/assets/img/services/payement/pl-8.svg]
[work-zone.vercel.app/assets/img/dashboard/logo/logo-main.svg]
[work-zone.vercel.app/assets/img/contact/ic-3.svg]
[work-zone.vercel.app/assets/img/dashboard/gigs/gallery-icon.png]
[work-zone.vercel.app/assets/img/dashboard/gigs/g-1.png]
[work-zone.vercel.app/assets/img/dashboard/gigs/g-2.png]
[work-zone.vercel.app/seller-create-gig.html]
[work-zone.vercel.app/assets/img/dashboard/empty-ill.png]
[work-zone.vercel.app/seller-my-orders.html]
[work-zone.vercel.app/assets/img/dashboard/orders/av-1.png]
[work-zone.vercel.app/seller-projects.html]
[work-zone.vercel.app/seller-withdraw.html]
[work-zone.vercel.app/seller-subscriptions.html]
[work-zone.vercel.app/assets/img/dashboard/message/mav-1.png]
[work-zone.vercel.app/assets/img/dashboard/message/mav-2.png]
[work-zone.vercel.app/assets/img/dashboard/message/mav-3.png]
[work-zone.vercel.app/assets/img/dashboard/message/mav-4.png]
[work-zone.vercel.app/assets/img/dashboard/message/mav-5.png]
[work-zone.vercel.app/assets/img/dashboard/message/mav-6.png]
[work-zone.vercel.app/assets/img/dashboard/message/avatar-1.png]
[work-zone.vercel.app/seller-message.html]
[work-zone.vercel.app/seller-profile-settings.html]
[work-zone.vercel.app/seller-manage-gigs.html]
[work-zone.vercel.app/assets/img/dashboard/profiles/pc.png]
[work-zone.vercel.app/seller-change-password.html]
[work-zone.vercel.app/seller-account-delete.html]
[work-zone.vercel.app/assets/img/dashboard/job/icon-1.png]
[work-zone.vercel.app/buyer-create-job-post.html]
[work-zone.vercel.app/buyer-job-list.html]
[work-zone.vercel.app/buyer-my-orders.html]
[work-zone.vercel.app/buyer-message.html]
[work-zone.vercel.app/buyer-profile-settings.html]
[work-zone.vercel.app/buyer-change-password.html]
[work-zone.vercel.app/buyer-delete-account.html]
[work-zone.vercel.app/assets/img/others/404.svg]
[work-zone.vercel.app/assets/img/contact/ic-1.svg]
[work-zone.vercel.app/assets/img/contact/ic-2.svg]
[work-zone.vercel.app/assets/img/contact/ic-3.svg]
[localhost/index.html]
[work-zone.vercel.app/buyer-job-applicant-list.html]
[work-zone.vercel.app/assets/img/dashboard/job/app-1.png]
[work-zone.vercel.app/assets/img/dashboard/job/app-2.png]
[work-zone.vercel.app/assets/img/dashboard/job/app-3.png]
[work-zone.vercel.app/assets/img/dashboard/job/app-4.png]
[work-zone.vercel.app/assets/img/dashboard/job/app-5.png]
[work-zone.vercel.app/assets/img/dashboard/job/app-6.png]
[work-zone.vercel.app/assets/img/dashboard/job/app-7.png]
[work-zone.vercel.app/buyer-job-applicant-list.html]
